
> epi-manager@0.1.0 build
> next build

node.exe : ÔÜá Warning: Next.js inferred your workspace root, 
but it may not be correct.
Au caractère C:\Program Files\nodejs\npm.ps1:29 : 3
+   & $NODE_EXE $NPM_CLI_JS $args
+   ~~~~~~~~~~~~~~~~~~~~~~~~~~~~~
    + CategoryInfo          : NotSpecified: (ÔÜá Warning: Ne...n 
   ot be correct.:String) [], RemoteException
    + FullyQualifiedErrorId : NativeCommandError
 
 We detected multiple lockfiles and selected the directory of 
C:\Users\fphil\package-lock.json as the root directory.
 To silence this warning, set `turbopack.root` in your Next.js 
config, or consider removing one of the lockfiles if it's not 
needed.
   See https://nextjs.org/docs/app/api-reference/config/next-conf
ig-js/turbopack#root-directory for more information.
 Detected additional lockfiles: 
   * C:\Users\fphil\.gemini\antigravity\scratch\epi-manager\packa
ge-lock.json

Ôû▓ Next.js 16.1.6 (Turbopack)
- Environments: .env.local, .env

ÔÜá The "middleware" file convention is deprecated. Please use 
"proxy" instead. Learn more: 
https://nextjs.org/docs/messages/middleware-to-proxy
  Creating an optimized production build ...
Ô£ô Compiled successfully in 9.7s
  Running TypeScript ...
Failed to compile.

.next/dev/types/app/statistics/page.ts:2:24
Type error: Cannot find module 
'../../../../../app/statistics/page.js' or its corresponding 
type declarations.

[0m [90m 1 |[39m [90m// File: C:\Users\fphil\.gemini\antigrav
ity\scratch\epi-manager\app\statistics\page.tsx[39m
[31m[1m>[22m[39m[90m 2 |[39m [36mimport[39m [33m*[39m 
[36mas[39m entry [36mfrom[39m 
[32m'../../../../../app/statistics/page.js'[39m
 [90m   |[39m                        [31m[1m^[22m[39m
 [90m 3 |[39m [36mimport[39m type { 
[33mResolvingMetadata[39m[33m,[39m 
[33mResolvingViewport[39m } [36mfrom[39m 
[32m'next/dist/lib/metadata/types/metadata-interface.js'[39m
 [90m 4 |[39m
 [90m 5 |[39m [36mimport[39m type { 
[33mPrefetchForTypeCheckInternal[39m } [36mfrom[39m [32m'nex
t/dist/build/segment-config/app/app-segment-config.js'[39m[0m
Next.js build worker exited with code: 1 and signal: null
